add_country: INVALID_INPUT
add_country: SUCCESS
add_country: SUCCESS
add_country: SUCCESS
add_country: FAILURE
add_country: INVALID_INPUT
add_country: SUCCESS
add_country: SUCCESS
remove_country: SUCCESS
remove_country: INVALID_INPUT
add_country: SUCCESS
add_team: SUCCESS
add_team: FAILURE
add_team: INVALID_INPUT
add_team: INVALID_INPUT
add_team: FAILURE
add_team: SUCCESS
add_team: SUCCESS
add_team: SUCCESS
add_team: SUCCESS
remove_team: SUCCESS
remove_team: FAILURE
remove_team: INVALID_INPUT
add_contestant: INVALID_INPUT
add_contestant: INVALID_INPUT
add_contestant: SUCCESS
add_contestant: INVALID_INPUT
add_contestant: SUCCESS
add_contestant: SUCCESS
add_contestant: SUCCESS
add_contestant: SUCCESS
add_contestant: SUCCESS
add_contestant: SUCCESS
remove_contestant: SUCCESS
add_contestant: SUCCESS
add_contestant: SUCCESS
remove_contestant: SUCCESS
remove_contestant: INVALID_INPUT
remove_contestant: FAILURE
add_contestant_to_team: SUCCESS
remove_contestant: FAILURE
remove_team: FAILURE
remove_contestant_from_team: SUCCESS
remove_contestant: SUCCESS
add_contestant_to_team: SUCCESS
add_contestant_to_team: SUCCESS
add_contestant_to_team: SUCCESS
austerity_measures: SUCCESS, 0
austerity_measures: FAILURE
austerity_measures: FAILURE
austerity_measures: FAILURE
austerity_measures: INVALID_INPUT
austerity_measures: FAILURE
get_team_strength: INVALID_INPUT
get_team_strength: FAILURE
get_team_strength: SUCCESS, 700
get_team_strength: SUCCESS, 0
get_team_strength: SUCCESS, 0
get_team_strength: SUCCESS, 0
remove_contestant_from_team: SUCCESS
get_team_strength: SUCCESS, 0
add_contestant_to_team: SUCCESS
get_team_strength: SUCCESS, 700
get_medals: INVALID_INPUT
get_medals: FAILURE
get_medals: SUCCESS, 0
get_medals: SUCCESS, 0
get_medals: SUCCESS, 2
get_medals: SUCCESS, 4
get_medals: SUCCESS, 4
get_strength: SUCCESS, 100
get_strength: SUCCESS, 100
get_strength: SUCCESS, 100
get_strength: SUCCESS, 500
get_strength: SUCCESS, 200
get_strength: SUCCESS, 100
get_strength: FAILURE
get_strength: INVALID_INPUT
add_contestant: SUCCESS
add_contestant_to_team: SUCCESS
add_team: SUCCESS
add_team: SUCCESS
add_team: SUCCESS
add_contestant_to_team: SUCCESS
add_contestant_to_team: SUCCESS
add_contestant_to_team: FAILURE
remove_contestant_from_team: SUCCESS
add_contestant_to_team: SUCCESS
get_team_strength: SUCCESS, 0
get_team_strength: FAILURE
austerity_measures: FAILURE
add_contestant_to_team: SUCCESS
add_contestant_to_team: SUCCESS
add_contestant_to_team: SUCCESS
austerity_measures: SUCCESS, 0
update_contestant_strength: INVALID_INPUT
add_contestant_to_team: SUCCESS
austerity_measures: SUCCESS, 0
austerity_measures: FAILURE
add_contestant: SUCCESS
add_contestant: SUCCESS
add_contestant: SUCCESS
add_contestant: SUCCESS
add_contestant: SUCCESS
add_contestant_to_team: SUCCESS
add_contestant_to_team: SUCCESS
austerity_measures: SUCCESS, 1600
get_team_strength: SUCCESS, 1400
update_contestant_strength: SUCCESS
austerity_measures: SUCCESS, 1500
get_team_strength: SUCCESS, 1300
update_contestant_strength: SUCCESS
austerity_measures: SUCCESS, 1600
get_team_strength: SUCCESS, 1400
update_contestant_strength: INVALID_INPUT
update_contestant_strength: FAILURE
update_contestant_strength: FAILURE
update_contestant_strength: SUCCESS
play_match: INVALID_INPUT
play_match: INVALID_INPUT
play_match: INVALID_INPUT
play_match: FAILURE
play_match: FAILURE
play_match: FAILURE
play_match: FAILURE
get_team_strength: SUCCESS, 0
get_team_strength: SUCCESS, 0
get_medals: SUCCESS, 2
get_medals: SUCCESS, 0
play_match: SUCCESS
get_team_strength: SUCCESS, 0
get_team_strength: SUCCESS, 0
get_medals: SUCCESS, 3
get_medals: SUCCESS, 0
remove_contestant_from_team: SUCCESS
get_team_strength: SUCCESS, 900
get_team_strength: SUCCESS, 0
unite_teams: INVALID_INPUT
get_medals: SUCCESS, 3
get_medals: SUCCESS, 3
play_match: SUCCESS
get_team_strength: SUCCESS, 900
get_team_strength: SUCCESS, 0
get_medals: SUCCESS, 4
get_medals: SUCCESS, 4
austerity_measures: SUCCESS, 0
unite_teams: FAILURE
unite_teams: FAILURE
unite_teams: INVALID_INPUT
unite_teams: INVALID_INPUT
unite_teams: INVALID_INPUT
unite_teams: FAILURE
unite_teams: FAILURE
get_team_strength: SUCCESS, 900
get_team_strength: SUCCESS, 0
unite_teams: SUCCESS
get_team_strength: SUCCESS, 900
get_team_strength: FAILURE
remove_contestant: FAILURE
unite_teams: FAILURE
get_team_strength: SUCCESS, 900
get_team_strength: SUCCESS, 1400
get_medals: SUCCESS, 4
get_medals: SUCCESS, 4
unite_teams: SUCCESS
get_team_strength: SUCCESS, 0
get_team_strength: FAILURE
get_medals: SUCCESS, 4
get_medals: SUCCESS, 4
austerity_measures: FAILURE
austerity_measures: SUCCESS, 0
add_contestant_to_team: SUCCESS
add_contestant_to_team: SUCCESS
get_team_strength: SUCCESS, 2200
austerity_measures: SUCCESS, 2200
remove_team: FAILURE
remove_contestant: FAILURE
remove_contestant_from_team: SUCCESS
remove_contestant: SUCCESS
austerity_measures: SUCCESS, 0
remove_contestant: FAILURE
remove_contestant_from_team: SUCCESS
remove_contestant: FAILURE
remove_contestant_from_team: SUCCESS
remove_contestant_from_team: FAILURE
remove_contestant: SUCCESS
austerity_measures: SUCCESS, 0
get_team_strength: SUCCESS, 0
remove_contestant_from_team: SUCCESS
austerity_measures: SUCCESS, 2200
get_team_strength: SUCCESS, 1600
remove_country: FAILURE
